<?xml version="1.0" ?>

<!DOCTYPE table PUBLIC "+//IDN sosy-lab.org//DTD BenchExec table 1.10//EN" "https://www.sosy-lab.org/benchexec/table-1.10.dtd">
<table>
  <column title="status"/>
  <column title="szs-status"/>
  <column title="cputime"/>
  <column title="memory" sourceUnit="B" displayUnit="MB"/>
  <column title="instruction-count"/>
</table>